{
    "gencode = true": {
        "content": [
            [
                "transcriptome.fixed.fa:md5,faf3a64453ae73983bbf2743387fbdf2"
            ],
            [
                "/ngi-igenomes/testdata/nf-core/pipelines/rnaseq/3.15/reference/salmon.tar.gz"
            ],
            [
                "genome_gfp.fasta:md5,e23e302af63736a199985a169fdac055"
            ],
            [
                "genome_gfp.gtf:md5,2593a0843dd97f0b7dfb62cdd2c21ab8"
            ],
            [
                "genome_gfp.fasta.fai:md5,8fa54c6bd2ea6a369efbb8ab4f30156a"
            ],
            [
                "genome_gfp.bed:md5,991993ebef1def1d5823632c21177ec3"
            ],
            [
                "genome_gfp.fasta.sizes:md5,9b755f8f349b14accefb4d859f84de26"
            ],
            [
                
            ],
            [
                
            ],
            [
                
            ],
            [
                
            ],
            [
                
            ],
            [
                
            ],
            [
                "versions.yml:md5,0bc25597acf1d50abf7070d19d311cd7",
                "versions.yml:md5,1cd265cb86a23a27f683ffb2459f37f5",
                "versions.yml:md5,58fa668eeacb984c10df6f856f2c9291",
                "versions.yml:md5,71252f1a221be05593361acccb99506b",
                "versions.yml:md5,80e9dd350be8cd4c11909d75c914757a",
                "versions.yml:md5,961ab91198c4e6ec9d795b95e3f61fda"
            ]
        ],
        "meta": {
            "nf-test": "0.8.4",
            "nextflow": "23.10.1"
        },
        "timestamp": "2024-03-13T11:39:26.998916"
    },
    "hisat2_index = false": {
        "content": [
            [
                "/ngi-igenomes/testdata/nf-core/pipelines/rnaseq/3.15/reference/transcriptome.fasta"
            ],
            [
                
            ],
            [
                "genome_gfp.fasta:md5,e23e302af63736a199985a169fdac055"
            ],
            [
                "genome_gfp.gtf:md5,c98b12c302f15731bfc36bcf297cfe28"
            ],
            [
                "genome_gfp.fasta.fai:md5,8fa54c6bd2ea6a369efbb8ab4f30156a"
            ],
            [
                "genome_gfp.bed:md5,991993ebef1def1d5823632c21177ec3"
            ],
            [
                "genome_gfp.fasta.sizes:md5,9b755f8f349b14accefb4d859f84de26"
            ],
            [
                
            ],
            [
                
            ],
            [
                
            ],
            [
                
            ],
            [
                
            ],
            [
                
            ],
            [
                "versions.yml:md5,0bc25597acf1d50abf7070d19d311cd7",
                "versions.yml:md5,1cd265cb86a23a27f683ffb2459f37f5",
                "versions.yml:md5,58fa668eeacb984c10df6f856f2c9291",
                "versions.yml:md5,71252f1a221be05593361acccb99506b",
                "versions.yml:md5,80e9dd350be8cd4c11909d75c914757a"
            ]
        ],
        "meta": {
            "nf-test": "0.8.4",
            "nextflow": "23.10.1"
        },
        "timestamp": "2024-03-13T11:38:55.160854"
    },
    "featurecounts_group_type = 'gene_type'": {
        "content": [
            [
                "/ngi-igenomes/testdata/nf-core/pipelines/rnaseq/3.15/reference/transcriptome.fasta"
            ],
            [
                "/ngi-igenomes/testdata/nf-core/pipelines/rnaseq/3.15/reference/salmon.tar.gz"
            ],
            [
                "genome_gfp.fasta:md5,e23e302af63736a199985a169fdac055"
            ],
            [
                "genome_gfp.gtf:md5,2593a0843dd97f0b7dfb62cdd2c21ab8"
            ],
            [
                "genome_gfp.fasta.fai:md5,8fa54c6bd2ea6a369efbb8ab4f30156a"
            ],
            [
                "genome_gfp.bed:md5,991993ebef1def1d5823632c21177ec3"
            ],
            [
                "genome_gfp.fasta.sizes:md5,9b755f8f349b14accefb4d859f84de26"
            ],
            [
                
            ],
            [
                
            ],
            [
                
            ],
            [
                
            ],
            [
                
            ],
            [
                
            ],
            [
                "versions.yml:md5,0bc25597acf1d50abf7070d19d311cd7",
                "versions.yml:md5,1cd265cb86a23a27f683ffb2459f37f5",
                "versions.yml:md5,58fa668eeacb984c10df6f856f2c9291",
                "versions.yml:md5,71252f1a221be05593361acccb99506b",
                "versions.yml:md5,80e9dd350be8cd4c11909d75c914757a"
            ]
        ],
        "meta": {
            "nf-test": "0.8.4",
            "nextflow": "23.10.1"
        },
        "timestamp": "2024-03-13T11:39:58.190328"
    },
    "skip_gtf_filter": {
        "content": [
            [
                "/ngi-igenomes/testdata/nf-core/pipelines/rnaseq/3.15/reference/transcriptome.fasta"
            ],
            [
                "/ngi-igenomes/testdata/nf-core/pipelines/rnaseq/3.15/reference/salmon.tar.gz"
            ],
            [
                "genome_gfp.fasta:md5,e23e302af63736a199985a169fdac055"
            ],
            [
                "genome_gfp.gtf:md5,5e63cda3dcafc0d6ad0a738133af9d54"
            ],
            [
                "genome_gfp.fasta.fai:md5,8fa54c6bd2ea6a369efbb8ab4f30156a"
            ],
            [
                "genome_gfp.bed:md5,991993ebef1def1d5823632c21177ec3"
            ],
            [
                "genome_gfp.fasta.sizes:md5,9b755f8f349b14accefb4d859f84de26"
            ],
            [
                
            ],
            [
                
            ],
            [
                
            ],
            [
                
            ],
            [
                
            ],
            [
                
            ],
            [
                "versions.yml:md5,0bc25597acf1d50abf7070d19d311cd7",
                "versions.yml:md5,1cd265cb86a23a27f683ffb2459f37f5",
                "versions.yml:md5,58fa668eeacb984c10df6f856f2c9291",
                "versions.yml:md5,71252f1a221be05593361acccb99506b"
            ]
        ],
        "meta": {
            "nf-test": "0.8.4",
            "nextflow": "23.10.1"
        },
        "timestamp": "2024-03-13T11:33:22.688771"
    },
    "gtf = false": {
        "content": [
            [
                "transcriptome.fixed.fa:md5,faf3a64453ae73983bbf2743387fbdf2"
            ],
            [
                "/ngi-igenomes/testdata/nf-core/pipelines/rnaseq/3.15/reference/salmon.tar.gz"
            ],
            [
                "genome_gfp.fasta:md5,e23e302af63736a199985a169fdac055"
            ],
            [
                "genome_gfp.gtf:md5,34da4da0a8f3412d763db7853210d7c1"
            ],
            [
                "genome_gfp.fasta.fai:md5,8fa54c6bd2ea6a369efbb8ab4f30156a"
            ],
            [
                "genome_gfp.bed:md5,991993ebef1def1d5823632c21177ec3"
            ],
            [
                "genome_gfp.fasta.sizes:md5,9b755f8f349b14accefb4d859f84de26"
            ],
            [
                
            ],
            [
                
            ],
            [
                
            ],
            [
                
            ],
            [
                
            ],
            [
                
            ],
            [
                "versions.yml:md5,0a23f0be65eb55b48ae71fe6e69a25a9",
                "versions.yml:md5,0bc25597acf1d50abf7070d19d311cd7",
                "versions.yml:md5,1cd265cb86a23a27f683ffb2459f37f5",
                "versions.yml:md5,58fa668eeacb984c10df6f856f2c9291",
                "versions.yml:md5,71252f1a221be05593361acccb99506b",
                "versions.yml:md5,80e9dd350be8cd4c11909d75c914757a",
                "versions.yml:md5,961ab91198c4e6ec9d795b95e3f61fda"
            ]
        ],
        "meta": {
            "nf-test": "0.8.4",
            "nextflow": "23.10.1"
        },
        "timestamp": "2024-03-13T11:35:18.49994"
    },
    "gfp = false": {
        "content": [
            [
                "/ngi-igenomes/testdata/nf-core/pipelines/rnaseq/3.15/reference/transcriptome.fasta"
            ],
            [
                "/ngi-igenomes/testdata/nf-core/pipelines/rnaseq/3.15/reference/salmon.tar.gz"
            ],
            [
                "/ngi-igenomes/testdata/nf-core/pipelines/rnaseq/3.15/reference/genome.fasta"
            ],
            [
                "genome.filtered.gtf:md5,ef6fccd153a21c329670462d602ed2d0"
            ],
            [
                "genome.fasta.fai:md5,2cd76d936cbfa386b14154506c2041b2"
            ],
            [
                "genome.filtered.bed:md5,e507dc33673e76c32abe344f4dc07952"
            ],
            [
                "genome.fasta.sizes:md5,29218009212157c49dbc6596621ec780"
            ],
            [
                
            ],
            [
                
            ],
            [
                
            ],
            [
                
            ],
            [
                
            ],
            [
                
            ],
            [
                "versions.yml:md5,0bc25597acf1d50abf7070d19d311cd7",
                "versions.yml:md5,58fa668eeacb984c10df6f856f2c9291",
                "versions.yml:md5,71252f1a221be05593361acccb99506b",
                "versions.yml:md5,80e9dd350be8cd4c11909d75c914757a"
            ]
        ],
        "meta": {
            "nf-test": "0.8.4",
            "nextflow": "23.10.1"
        },
        "timestamp": "2024-03-13T17:43:51.41041"
    },
    "skip_bbsplit": {
        "content": [
            [
                "/ngi-igenomes/testdata/nf-core/pipelines/rnaseq/3.15/reference/transcriptome.fasta"
            ],
            [
                "/ngi-igenomes/testdata/nf-core/pipelines/rnaseq/3.15/reference/salmon.tar.gz"
            ],
            [
                "genome_gfp.fasta:md5,e23e302af63736a199985a169fdac055"
            ],
            [
                "genome_gfp.gtf:md5,c98b12c302f15731bfc36bcf297cfe28"
            ],
            [
                "genome_gfp.fasta.fai:md5,8fa54c6bd2ea6a369efbb8ab4f30156a"
            ],
            [
                "genome_gfp.bed:md5,991993ebef1def1d5823632c21177ec3"
            ],
            [
                "genome_gfp.fasta.sizes:md5,9b755f8f349b14accefb4d859f84de26"
            ],
            [
                
            ],
            [
                
            ],
            [
                
            ],
            [
                
            ],
            [
                
            ],
            [
                
            ],
            [
                "versions.yml:md5,1cd265cb86a23a27f683ffb2459f37f5",
                "versions.yml:md5,58fa668eeacb984c10df6f856f2c9291",
                "versions.yml:md5,71252f1a221be05593361acccb99506b",
                "versions.yml:md5,80e9dd350be8cd4c11909d75c914757a"
            ]
        ],
        "meta": {
            "nf-test": "0.8.4",
            "nextflow": "23.10.1"
        },
        "timestamp": "2024-03-13T11:12:46.345567"
    },
    "skip_bbsplit = true": {
        "content": [
            [
                "/ngi-igenomes/testdata/nf-core/pipelines/rnaseq/3.15/reference/transcriptome.fasta"
            ],
            [
                "/ngi-igenomes/testdata/nf-core/pipelines/rnaseq/3.15/reference/salmon.tar.gz"
            ],
            [
                "genome_gfp.fasta:md5,e23e302af63736a199985a169fdac055"
            ],
            [
                "genome_gfp.gtf:md5,c98b12c302f15731bfc36bcf297cfe28"
            ],
            [
                "genome_gfp.fasta.fai:md5,8fa54c6bd2ea6a369efbb8ab4f30156a"
            ],
            [
                "genome_gfp.bed:md5,991993ebef1def1d5823632c21177ec3"
            ],
            [
                "genome_gfp.fasta.sizes:md5,9b755f8f349b14accefb4d859f84de26"
            ],
            [
                
            ],
            [
                
            ],
            [
                
            ],
            [
                
            ],
            [
                
            ],
            [
                
            ],
            [
                "versions.yml:md5,1cd265cb86a23a27f683ffb2459f37f5",
                "versions.yml:md5,58fa668eeacb984c10df6f856f2c9291",
                "versions.yml:md5,71252f1a221be05593361acccb99506b",
                "versions.yml:md5,80e9dd350be8cd4c11909d75c914757a"
            ]
        ],
        "meta": {
            "nf-test": "0.8.4",
            "nextflow": "23.10.1"
        },
        "timestamp": "2024-03-13T11:23:38.303812"
    },
    "with bed": {
        "content": [
            [
                "/ngi-igenomes/testdata/nf-core/pipelines/rnaseq/3.15/reference/transcriptome.fasta"
            ],
            [
                "/ngi-igenomes/testdata/nf-core/pipelines/rnaseq/3.15/reference/salmon.tar.gz"
            ],
            [
                "genome_gfp.fasta:md5,e23e302af63736a199985a169fdac055"
            ],
            [
                "genome_gfp.gtf:md5,c98b12c302f15731bfc36bcf297cfe28"
            ],
            [
                "genome_gfp.fasta.fai:md5,8fa54c6bd2ea6a369efbb8ab4f30156a"
            ],
            [
                "/ngi-igenomes/testdata/nf-core/pipelines/rnaseq/3.15/reference/ngscheckmate.bed"
            ],
            [
                "genome_gfp.fasta.sizes:md5,9b755f8f349b14accefb4d859f84de26"
            ],
            [
                
            ],
            [
                
            ],
            [
                
            ],
            [
                
            ],
            [
                
            ],
            [
                
            ],
            [
                "versions.yml:md5,0bc25597acf1d50abf7070d19d311cd7",
                "versions.yml:md5,1cd265cb86a23a27f683ffb2459f37f5",
                "versions.yml:md5,58fa668eeacb984c10df6f856f2c9291",
                "versions.yml:md5,80e9dd350be8cd4c11909d75c914757a"
            ]
        ],
        "meta": {
            "nf-test": "0.8.4",
            "nextflow": "23.10.1"
        },
        "timestamp": "2024-03-13T11:37:21.338219"
    },
    "skip_alignment": {
        "content": [
            [
                "/ngi-igenomes/testdata/nf-core/pipelines/rnaseq/3.15/reference/transcriptome.fasta"
            ],
            [
                "/ngi-igenomes/testdata/nf-core/pipelines/rnaseq/3.15/reference/salmon.tar.gz"
            ],
            [
                "genome_gfp.fasta:md5,e23e302af63736a199985a169fdac055"
            ],
            [
                "genome_gfp.gtf:md5,c98b12c302f15731bfc36bcf297cfe28"
            ],
            [
                "genome_gfp.fasta.fai:md5,8fa54c6bd2ea6a369efbb8ab4f30156a"
            ],
            [
                "genome_gfp.bed:md5,991993ebef1def1d5823632c21177ec3"
            ],
            [
                "genome_gfp.fasta.sizes:md5,9b755f8f349b14accefb4d859f84de26"
            ],
            [
                
            ],
            [
                
            ],
            [
                
            ],
            [
                
            ],
            [
                
            ],
            [
                
            ],
            [
                "versions.yml:md5,0bc25597acf1d50abf7070d19d311cd7",
                "versions.yml:md5,1cd265cb86a23a27f683ffb2459f37f5",
                "versions.yml:md5,58fa668eeacb984c10df6f856f2c9291",
                "versions.yml:md5,71252f1a221be05593361acccb99506b",
                "versions.yml:md5,80e9dd350be8cd4c11909d75c914757a"
            ]
        ],
        "meta": {
            "nf-test": "0.8.4",
            "nextflow": "23.10.1"
        },
        "timestamp": "2024-03-13T11:34:12.785475"
    },
    "gencode = false": {
        "content": [
            [
                "/ngi-igenomes/testdata/nf-core/pipelines/rnaseq/3.15/reference/transcriptome.fasta"
            ],
            [
                "/ngi-igenomes/testdata/nf-core/pipelines/rnaseq/3.15/reference/salmon.tar.gz"
            ],
            [
                "genome_gfp.fasta:md5,e23e302af63736a199985a169fdac055"
            ],
            [
                "genome_gfp.gtf:md5,c98b12c302f15731bfc36bcf297cfe28"
            ],
            [
                "genome_gfp.fasta.fai:md5,8fa54c6bd2ea6a369efbb8ab4f30156a"
            ],
            [
                "genome_gfp.bed:md5,991993ebef1def1d5823632c21177ec3"
            ],
            [
                "genome_gfp.fasta.sizes:md5,9b755f8f349b14accefb4d859f84de26"
            ],
            [
                
            ],
            [
                
            ],
            [
                
            ],
            [
                
            ],
            [
                
            ],
            [
                
            ],
            [
                "versions.yml:md5,0bc25597acf1d50abf7070d19d311cd7",
                "versions.yml:md5,1cd265cb86a23a27f683ffb2459f37f5",
                "versions.yml:md5,58fa668eeacb984c10df6f856f2c9291",
                "versions.yml:md5,71252f1a221be05593361acccb99506b",
                "versions.yml:md5,80e9dd350be8cd4c11909d75c914757a"
            ]
        ],
        "meta": {
            "nf-test": "0.8.4",
            "nextflow": "23.10.1"
        },
        "timestamp": "2024-03-13T11:32:54.452919"
    },
    "gff = false": {
        "content": [
            [
                "/ngi-igenomes/testdata/nf-core/pipelines/rnaseq/3.15/reference/transcriptome.fasta"
            ],
            [
                "/ngi-igenomes/testdata/nf-core/pipelines/rnaseq/3.15/reference/salmon.tar.gz"
            ],
            [
                "genome_gfp.fasta:md5,e23e302af63736a199985a169fdac055"
            ],
            [
                "genome_gfp.gtf:md5,c98b12c302f15731bfc36bcf297cfe28"
            ],
            [
                "genome_gfp.fasta.fai:md5,8fa54c6bd2ea6a369efbb8ab4f30156a"
            ],
            [
                "genome_gfp.bed:md5,991993ebef1def1d5823632c21177ec3"
            ],
            [
                "genome_gfp.fasta.sizes:md5,9b755f8f349b14accefb4d859f84de26"
            ],
            [
                
            ],
            [
                
            ],
            [
                
            ],
            [
                
            ],
            [
                
            ],
            [
                
            ],
            [
                "versions.yml:md5,0bc25597acf1d50abf7070d19d311cd7",
                "versions.yml:md5,1cd265cb86a23a27f683ffb2459f37f5",
                "versions.yml:md5,58fa668eeacb984c10df6f856f2c9291",
                "versions.yml:md5,71252f1a221be05593361acccb99506b",
                "versions.yml:md5,80e9dd350be8cd4c11909d75c914757a"
            ]
        ],
        "meta": {
            "nf-test": "0.8.4",
            "nextflow": "23.10.1"
        },
        "timestamp": "2024-03-13T17:43:27.87968"
    },
    "default options": {
        "content": [
            [
                "/ngi-igenomes/testdata/nf-core/pipelines/rnaseq/3.15/reference/transcriptome.fasta"
            ],
            [
                "/ngi-igenomes/testdata/nf-core/pipelines/rnaseq/3.15/reference/salmon.tar.gz"
            ],
            [
                "genome_gfp.fasta:md5,e23e302af63736a199985a169fdac055"
            ],
            [
                "genome_gfp.gtf:md5,c98b12c302f15731bfc36bcf297cfe28"
            ],
            [
                "genome_gfp.fasta.fai:md5,8fa54c6bd2ea6a369efbb8ab4f30156a"
            ],
            [
                "genome_gfp.bed:md5,991993ebef1def1d5823632c21177ec3"
            ],
            [
                "genome_gfp.fasta.sizes:md5,9b755f8f349b14accefb4d859f84de26"
            ],
            [
                
            ],
            [
                
            ],
            [
                
            ],
            [
                
            ],
            [
                
            ],
            [
                
            ],
            [
                "versions.yml:md5,0bc25597acf1d50abf7070d19d311cd7",
                "versions.yml:md5,1cd265cb86a23a27f683ffb2459f37f5",
                "versions.yml:md5,58fa668eeacb984c10df6f856f2c9291",
                "versions.yml:md5,71252f1a221be05593361acccb99506b",
                "versions.yml:md5,80e9dd350be8cd4c11909d75c914757a"
            ]
        ],
        "meta": {
            "nf-test": "0.8.4",
            "nextflow": "23.10.1"
        },
        "timestamp": "2024-03-13T11:32:22.525706"
    },
    "salmon_index = false": {
        "content": [
            [
                "/ngi-igenomes/testdata/nf-core/pipelines/rnaseq/3.15/reference/transcriptome.fasta"
            ],
            [
                
            ],
            [
                "genome_gfp.fasta:md5,e23e302af63736a199985a169fdac055"
            ],
            [
                "genome_gfp.gtf:md5,c98b12c302f15731bfc36bcf297cfe28"
            ],
            [
                "genome_gfp.fasta.fai:md5,8fa54c6bd2ea6a369efbb8ab4f30156a"
            ],
            [
                "genome_gfp.bed:md5,991993ebef1def1d5823632c21177ec3"
            ],
            [
                "genome_gfp.fasta.sizes:md5,9b755f8f349b14accefb4d859f84de26"
            ],
            [
                
            ],
            [
                
            ],
            [
                
            ],
            [
                
            ],
            [
                
            ],
            [
                
            ],
            [
                "versions.yml:md5,0bc25597acf1d50abf7070d19d311cd7",
                "versions.yml:md5,1cd265cb86a23a27f683ffb2459f37f5",
                "versions.yml:md5,58fa668eeacb984c10df6f856f2c9291",
                "versions.yml:md5,71252f1a221be05593361acccb99506b",
                "versions.yml:md5,80e9dd350be8cd4c11909d75c914757a"
            ]
        ],
        "meta": {
            "nf-test": "0.8.4",
            "nextflow": "23.10.1"
        },
        "timestamp": "2024-03-13T11:38:24.083134"
    },
    "rsem_index = false": {
        "content": [
            [
                "/ngi-igenomes/testdata/nf-core/pipelines/rnaseq/3.15/reference/transcriptome.fasta"
            ],
            [
                "/ngi-igenomes/testdata/nf-core/pipelines/rnaseq/3.15/reference/salmon.tar.gz"
            ],
            [
                "genome_gfp.fasta:md5,e23e302af63736a199985a169fdac055"
            ],
            [
                "genome_gfp.gtf:md5,c98b12c302f15731bfc36bcf297cfe28"
            ],
            [
                "genome_gfp.fasta.fai:md5,8fa54c6bd2ea6a369efbb8ab4f30156a"
            ],
            [
                "genome_gfp.bed:md5,991993ebef1def1d5823632c21177ec3"
            ],
            [
                "genome_gfp.fasta.sizes:md5,9b755f8f349b14accefb4d859f84de26"
            ],
            [
                
            ],
            [
                
            ],
            [
                
            ],
            [
                
            ],
            [
                
            ],
            [
                
            ],
            [
                "versions.yml:md5,0bc25597acf1d50abf7070d19d311cd7",
                "versions.yml:md5,1cd265cb86a23a27f683ffb2459f37f5",
                "versions.yml:md5,58fa668eeacb984c10df6f856f2c9291",
                "versions.yml:md5,71252f1a221be05593361acccb99506b",
                "versions.yml:md5,80e9dd350be8cd4c11909d75c914757a"
            ]
        ],
        "meta": {
            "nf-test": "0.8.4",
            "nextflow": "23.10.1"
        },
        "timestamp": "2024-03-13T11:37:52.068391"
    },
    "skip_psuedo_alignment": {
        "content": [
            [
                "/ngi-igenomes/testdata/nf-core/pipelines/rnaseq/3.15/reference/transcriptome.fasta"
            ],
            [
                "/ngi-igenomes/testdata/nf-core/pipelines/rnaseq/3.15/reference/salmon.tar.gz"
            ],
            [
                "genome_gfp.fasta:md5,e23e302af63736a199985a169fdac055"
            ],
            [
                "genome_gfp.gtf:md5,c98b12c302f15731bfc36bcf297cfe28"
            ],
            [
                "genome_gfp.fasta.fai:md5,8fa54c6bd2ea6a369efbb8ab4f30156a"
            ],
            [
                "genome_gfp.bed:md5,991993ebef1def1d5823632c21177ec3"
            ],
            [
                "genome_gfp.fasta.sizes:md5,9b755f8f349b14accefb4d859f84de26"
            ],
            [
                
            ],
            [
                
            ],
            [
                
            ],
            [
                
            ],
            [
                
            ],
            [
                
            ],
            [
                "versions.yml:md5,0bc25597acf1d50abf7070d19d311cd7",
                "versions.yml:md5,1cd265cb86a23a27f683ffb2459f37f5",
                "versions.yml:md5,58fa668eeacb984c10df6f856f2c9291",
                "versions.yml:md5,71252f1a221be05593361acccb99506b",
                "versions.yml:md5,80e9dd350be8cd4c11909d75c914757a"
            ]
        ],
        "meta": {
            "nf-test": "0.8.4",
            "nextflow": "23.10.1"
        },
        "timestamp": "2024-03-13T11:34:43.261537"
    },
    "transcriptome = false": {
        "content": [
            [
                "genome.transcripts.fa:md5,b89a3e02ad30ba3fd600f98c8e2f58d4"
            ],
            [
                "/ngi-igenomes/testdata/nf-core/pipelines/rnaseq/3.15/reference/salmon.tar.gz"
            ],
            [
                "genome_gfp.fasta:md5,e23e302af63736a199985a169fdac055"
            ],
            [
                "genome_gfp.gtf:md5,c98b12c302f15731bfc36bcf297cfe28"
            ],
            [
                "genome_gfp.fasta.fai:md5,8fa54c6bd2ea6a369efbb8ab4f30156a"
            ],
            [
                "genome_gfp.bed:md5,991993ebef1def1d5823632c21177ec3"
            ],
            [
                "genome_gfp.fasta.sizes:md5,9b755f8f349b14accefb4d859f84de26"
            ],
            [
                
            ],
            [
                
            ],
            [
                
            ],
            [
                
            ],
            [
                
            ],
            [
                
            ],
            [
                "versions.yml:md5,0bc25597acf1d50abf7070d19d311cd7",
                "versions.yml:md5,1cd265cb86a23a27f683ffb2459f37f5",
                "versions.yml:md5,58fa668eeacb984c10df6f856f2c9291",
                "versions.yml:md5,71252f1a221be05593361acccb99506b",
                "versions.yml:md5,80e9dd350be8cd4c11909d75c914757a",
                "versions.yml:md5,918fe0b59c0986eb602ace85841c5ab3"
            ]
        ],
        "meta": {
            "nf-test": "0.8.4",
            "nextflow": "23.10.1"
        },
        "timestamp": "2024-03-13T17:44:23.836038"
    },
    "skip_pseudoalignment = true": {
        "content": [
            [
                "/ngi-igenomes/testdata/nf-core/pipelines/rnaseq/3.15/reference/transcriptome.fasta"
            ],
            [
                "/ngi-igenomes/testdata/nf-core/pipelines/rnaseq/3.15/reference/salmon.tar.gz"
            ],
            [
                "genome_gfp.fasta:md5,e23e302af63736a199985a169fdac055"
            ],
            [
                "genome_gfp.gtf:md5,c98b12c302f15731bfc36bcf297cfe28"
            ],
            [
                "genome_gfp.fasta.fai:md5,8fa54c6bd2ea6a369efbb8ab4f30156a"
            ],
            [
                "genome_gfp.bed:md5,991993ebef1def1d5823632c21177ec3"
            ],
            [
                "genome_gfp.fasta.sizes:md5,9b755f8f349b14accefb4d859f84de26"
            ],
            [
                
            ],
            [
                
            ],
            [
                
            ],
            [
                
            ],
            [
                
            ],
            [
                
            ],
            [
                "versions.yml:md5,0bc25597acf1d50abf7070d19d311cd7",
                "versions.yml:md5,1cd265cb86a23a27f683ffb2459f37f5",
                "versions.yml:md5,58fa668eeacb984c10df6f856f2c9291",
                "versions.yml:md5,71252f1a221be05593361acccb99506b",
                "versions.yml:md5,80e9dd350be8cd4c11909d75c914757a"
            ]
        ],
        "meta": {
            "nf-test": "0.8.4",
            "nextflow": "23.10.1"
        },
        "timestamp": "2024-03-13T11:41:45.834084"
    },
    "skip_alignment = true": {
        "content": [
            [
                "/ngi-igenomes/testdata/nf-core/pipelines/rnaseq/3.15/reference/transcriptome.fasta"
            ],
            [
                "/ngi-igenomes/testdata/nf-core/pipelines/rnaseq/3.15/reference/salmon.tar.gz"
            ],
            [
                "genome_gfp.fasta:md5,e23e302af63736a199985a169fdac055"
            ],
            [
                "genome_gfp.gtf:md5,c98b12c302f15731bfc36bcf297cfe28"
            ],
            [
                "genome_gfp.fasta.fai:md5,8fa54c6bd2ea6a369efbb8ab4f30156a"
            ],
            [
                "genome_gfp.bed:md5,991993ebef1def1d5823632c21177ec3"
            ],
            [
                "genome_gfp.fasta.sizes:md5,9b755f8f349b14accefb4d859f84de26"
            ],
            [
                
            ],
            [
                
            ],
            [
                
            ],
            [
                
            ],
            [
                
            ],
            [
                
            ],
            [
                "versions.yml:md5,0bc25597acf1d50abf7070d19d311cd7",
                "versions.yml:md5,1cd265cb86a23a27f683ffb2459f37f5",
                "versions.yml:md5,58fa668eeacb984c10df6f856f2c9291",
                "versions.yml:md5,71252f1a221be05593361acccb99506b",
                "versions.yml:md5,80e9dd350be8cd4c11909d75c914757a"
            ]
        ],
        "meta": {
            "nf-test": "0.8.4",
            "nextflow": "23.10.1"
        },
        "timestamp": "2024-03-13T11:41:15.442241"
    },
    "skip_gtf_filter = true": {
        "content": [
            [
                "/ngi-igenomes/testdata/nf-core/pipelines/rnaseq/3.15/reference/transcriptome.fasta"
            ],
            [
                "/ngi-igenomes/testdata/nf-core/pipelines/rnaseq/3.15/reference/salmon.tar.gz"
            ],
            [
                "genome_gfp.fasta:md5,e23e302af63736a199985a169fdac055"
            ],
            [
                "genome_gfp.gtf:md5,5e63cda3dcafc0d6ad0a738133af9d54"
            ],
            [
                "genome_gfp.fasta.fai:md5,8fa54c6bd2ea6a369efbb8ab4f30156a"
            ],
            [
                "genome_gfp.bed:md5,991993ebef1def1d5823632c21177ec3"
            ],
            [
                "genome_gfp.fasta.sizes:md5,9b755f8f349b14accefb4d859f84de26"
            ],
            [
                
            ],
            [
                
            ],
            [
                
            ],
            [
                
            ],
            [
                
            ],
            [
                
            ],
            [
                "versions.yml:md5,0bc25597acf1d50abf7070d19d311cd7",
                "versions.yml:md5,1cd265cb86a23a27f683ffb2459f37f5",
                "versions.yml:md5,58fa668eeacb984c10df6f856f2c9291",
                "versions.yml:md5,71252f1a221be05593361acccb99506b"
            ]
        ],
        "meta": {
            "nf-test": "0.8.4",
            "nextflow": "23.10.1"
        },
        "timestamp": "2024-03-13T11:40:24.672206"
    }
}