{
    "Should run without failures": {
        "content": [
            {
                "0": [
                    "genome.filtered.gtf:md5,aa8b2aa1e0b5fbbba3b04d471e1b0535"
                ],
                "1": [
                    "versions.yml:md5,4adf55ec05d247fd6d253459bd80856f"
                ],
                "genome_gtf": [
                    "genome.filtered.gtf:md5,aa8b2aa1e0b5fbbba3b04d471e1b0535"
                ],
                "versions": [
                    "versions.yml:md5,4adf55ec05d247fd6d253459bd80856f"
                ]
            }
        ],
        "meta": {
            "nf-test": "0.8.4",
            "nextflow": "23.10.1"
        },
        "timestamp": "2024-03-06T15:52:37.977802"
    }
}